Target : Neoverse-N1, 16 cores (c6g.4xlarge)
ISA    : asimd asimddp
Grid   : 13 configs | objective: interactive

[1/13] t1_b2048_ub512_faauto_qwen2.5-1.5b-instruct-q4_0: prefill=30.8 decode=10.9 ttft=16647ms [ok] (75s)
[2/13] t2_b2048_ub512_faauto_qwen2.5-1.5b-instruct-q4_0: prefill=60.5 decode=20.5 ttft=8460ms [ok] (40s)
[3/13] t4_b2048_ub512_faauto_qwen2.5-1.5b-instruct-q4_0: prefill=121.0 decode=38.7 ttft=4230ms [ok] (21s)
[4/13] t8_b2048_ub512_faauto_qwen2.5-1.5b-instruct-q4_0: prefill=240.0 decode=67.6 ttft=2133ms [ok] (12s)
[5/13] t16_b2048_ub512_faauto_qwen2.5-1.5b-instruct-q4_0: prefill=450.2 decode=101.8 ttft=1137ms [ok] (8s)
[6/13] t32_b2048_ub512_faauto_qwen2.5-1.5b-instruct-q4_0: prefill=420.7 decode=17.3 ttft=1217ms [ok] (20s)
[7/13] t16_b2048_ub128_faauto_qwen2.5-1.5b-instruct-q4_0: prefill=389.8 decode=91.6 ttft=1313ms [ok] (8s)
[8/13] t16_b2048_ub256_faauto_qwen2.5-1.5b-instruct-q4_0: prefill=448.8 decode=92.6 ttft=1141ms [ok] (8s)
[9/13] t16_b2048_ub1024_faauto_qwen2.5-1.5b-instruct-q4_0: prefill=452.9 decode=102.1 ttft=1131ms [ok] (8s)
[10/13] t16_b2048_ub512_faon_qwen2.5-1.5b-instruct-q4_0: prefill=454.2 decode=103.3 ttft=1127ms [ok] (7s)
[11/13] t16_b2048_ub512_faoff_qwen2.5-1.5b-instruct-q4_0: prefill=440.9 decode=96.7 ttft=1161ms [ok] (8s)
[12/13] t16_b2048_ub512_faauto_qwen2.5-1.5b-instruct-q4_k_m: prefill=267.4 decode=89.3 ttft=1915ms [ok] (12s)
[13/13] t16_b2048_ub512_faauto_qwen2.5-1.5b-instruct-q8_0: prefill=382.6 decode=76.8 ttft=1338ms [ok] (11s)

====================================================================
BEST (interactive): t16_b2048_ub512_faon_qwen2.5-1.5b-instruct-q4_0
  prefill 454.2 tok/s | decode 103.3 tok/s | TTFT 1127 ms
  vs stock all-core default: 1.01x decode
  run with: -t 16 -b 2048 -ub 512 -fa on
====================================================================

Wrote /home/ubuntu/gravitune-repo/results/tuned-neoverse-n1_c6g-4xlarge.json, report-neoverse-n1_c6g-4xlarge.md, sweep.json
